// Jest Snapshot v1, https://goo.gl/fbAQLP

exports[`renders carousel without crashing 1`] = `
<Carousel
  additionalTransfrom={0}
  arrows={true}
  autoPlay={true}
  autoPlaySpeed={3000}
  centerMode={false}
  className=""
  containerClass="carousel-container"
  customTransition="all 1"
  dotListClass=""
  draggable={false}
  focusOnSelect={false}
  infinite={true}
  itemClass="carousel-item-padding-40-px"
  keyBoardControl={true}
  minimumTouchDrag={80}
  pauseOnHover={true}
  removeArrowOnDeviceType={
    Array [
      "tablet",
      "mobile",
    ]
  }
  renderArrowsWhenDisabled={false}
  renderButtonGroupOutside={false}
  renderDotsOutside={false}
  responsive={
    Object {
      "desktop": Object {
        "breakpoint": Object {
          "max": 3000,
          "min": 1024,
        },
        "items": 2.6,
        "slidesToSlide": 1.7,
      },
      "mobile": Object {
        "breakpoint": Object {
          "max": 464,
          "min": 0,
        },
        "items": 1,
        "slidesToSlide": 1,
      },
      "tablet": Object {
        "breakpoint": Object {
          "max": 1024,
          "min": 464,
        },
        "items": 2,
        "slidesToSlide": 2,
      },
    }
  }
  showDots={false}
  sliderClass=""
  slidesToSlide={1}
  ssr={true}
  swipeable={false}
  transitionDuration={1000}
>
  <Col
    className="col-continent"
    key="0"
  >
    <Col
      className="col-1-continent"
    >
      <h5
        className="text-center cont-name mt-5 b"
      >
        NORTH AMERICA
      </h5>
      <h2
        className="text-center mt-4 cont-num"
      >
        36,826
      </h2>
      <h6
        className="text-center mt-1"
        style={
          Object {
            "color": "black",
          }
        }
      >
        New Cases
      </h6>
      <p
        className="text-center cases-total mt-5"
      >
        All cases: 
        46,034,110
      </p>
    </Col>
    <Col
      className="col-2-continent"
    >
      <div
        className="col-2-div"
      >
        <h2
          className="text-center mt-1 col-2-count"
        >
          933
        </h2>
        <h6
          className="text-center mt-1 new-tit"
        >
          New deaths
        </h6>
        <p
          className="text-center deaths-total "
        >
          Total deaths: 
          972,016
        </p>
      </div>
      <hr />
      <div
        className="col-2-div"
      >
        <h2
          className="text-center mt-1 col-2-count"
        >
          36,773,591
        </h2>
        <h6
          className="text-center mt-1 new-tit"
        >
          Newly recovered
        </h6>
        <p
          className="text-center deaths-total "
        >
          Total recovered:
          26,691
        </p>
      </div>
      <hr />
      <div
        className="col-2-div"
      >
        <h2
          className="text-center mt-1 col-2-count"
        >
          -
        </h2>
        <h6
          className="text-center mt-1 new-tit"
        >
          New vaccinated
        </h6>
        <p
          className="text-center deaths-total "
        >
          -
        </p>
      </div>
    </Col>
  </Col>
</Carousel>
`;
