// Jest Snapshot v1, https://goo.gl/fbAQLP

exports[`renders contact without crashing 1`] = `
<div
  className="contact"
  id="contact"
>
  <div
    style={
      Object {
        "color": "white",
        "fontSize": "2em",
        "textAlign": "center",
      }
    }
  >
    <h2>
      <b>
        REACH ME
      </b>
    </h2>
    <br />
    <Row
      className="p-2.5"
      noGutters={false}
    >
      <h5
        className="contact-h"
      >
        Email
      </h5>
      <h6
        style={
          Object {
            "color": "#ccc",
            "fontWeight": "300",
          }
        }
      >
        amaniericus@gmail.com
      </h6>
    </Row>
    <Row
      className="p-2"
      noGutters={false}
    >
      <h5
        className="contact-h"
      >
        Phone
      </h5>
      <h6
        style={
          Object {
            "color": "#ccc",
            "fontWeight": "300",
          }
        }
      >
        +(250)783343195
      </h6>
    </Row>
    <Row
      className="p-2"
      noGutters={false}
    >
      <h5
        className="contact-h"
      >
        Profile
      </h5>
      <h6>
        <a
          className="text-decoration-none pointer"
          href="https://rw.linkedin.com/in/amani-eric"
          rel="noreferrer"
          style={
            Object {
              "color": "#ccc",
              "cursor": "pointer",
              "fontWeight": "300",
            }
          }
          target="_blank"
        >
          https://rw.linkedin.com/in/amani-eric
        </a>
      </h6>
    </Row>
  </div>
</div>
`;
